---
source: tests/integration_tests.rs
expression: snapshot
input_file: assets/replays/good/gridiron.replay
---
{
  "frames": 11118,
  "hex": "0xd87cb0b7907532f62f23c246169079627d69f1eeed57839ec4b3c4a3988ef1c1"
}
