---
source: tests/integration_tests.rs
expression: snapshot
input_file: assets/replays/good/59d3.replay
---
{
  "frames": 10309,
  "hex": "0xab7ab2bc2dceb5d98dcd7268c5aab3ee9ee67aea9dab58964a14b734a5e16fa9"
}
