---
source: tests/integration_tests.rs
expression: snapshot
input_file: assets/replays/good/e978.replay
---
{
  "frames": 9501,
  "hex": "0xaee83486bc807d676282994b7436d4b24241942aee0085526a6315ace34b4e38"
}
