---
source: tests/integration_tests.rs
expression: snapshot
input_file: assets/replays/good/74936.replay
---
{
  "frames": 10609,
  "hex": "0x95d4f2e79156ee79e633a317d9a70302e6c20bb233bbf8653d9bd87e436227c6"
}
