---
source: tests/integration_tests.rs
expression: snapshot
input_file: assets/replays/good/9eee.replay
---
{
  "frames": 10333,
  "hex": "0x082bba124a08f8a5f5539c9bf26a46fa9ad9c891ebf5a4220d2c06ad5e695a27"
}
