---
source: tests/integration_tests.rs
expression: snapshot
input_file: assets/replays/good/difficulty.replay
---
{
  "frames": 3897,
  "hex": "0xe65d9638950c87eef969b7c204281518b4680d234e398ddb81a03d517b0eb788"
}
