---
source: tests/integration_tests.rs
expression: snapshot
input_file: assets/replays/good/60dfe.replay
---
{
  "frames": 9737,
  "hex": "0x35aaef8e9622f08711855d8c824d6d3f4ee91774841bfe97c74cd7faa6505d06"
}
