---
source: tests/integration_tests.rs
expression: snapshot
input_file: assets/replays/good/47eb.replay
---
{
  "frames": 64406,
  "hex": "0xc7aa9f7b0df7702e744c7edcd3de58482c29f02ffb2c5e910e8b7f33fdbf0459"
}
