---
source: tests/integration_tests.rs
expression: snapshot
input_file: assets/replays/good/58b2.replay
---
{
  "frames": 13875,
  "hex": "0x672d1d1d292258bdbe9f78a9b01d440bf7c8541712cc48d4d6e278bbcb79c97e"
}
