---
source: tests/integration_tests.rs
expression: snapshot
input_file: assets/replays/good/2266.replay
---
{
  "frames": 8136,
  "hex": "0xd0a4334d3b3f96fca4da4a979960590b491a60ca9f88bd3164372bf5adde8049"
}
