---
source: tests/integration_tests.rs
expression: snapshot
input_file: assets/replays/good/1ec9.replay
---
{
  "frames": 332,
  "hex": "0x3c1cfc2676127f0dacfb9547255f9b5e357939fea90ce54d3584f0e3289d7345"
}
