---
source: tests/integration_tests.rs
expression: snapshot
input_file: assets/replays/good/3bd08.replay
---
{
  "frames": 283,
  "hex": "0x1ea305e4635820301bcf4a6fd6cf4f97030f7859a7ed4bdeabb33612255f4fd9"
}
