---
source: tests/integration_tests.rs
expression: snapshot
input_file: assets/replays/good/128ed.replay
---
{
  "frames": 8313,
  "hex": "0x676894dc2489c976f2b9355f0b23817d6a89b619532ff9338706ee8ed71aaa5f"
}
