---
source: tests/integration_tests.rs
expression: snapshot
input_file: assets/replays/good/tourny.replay
---
{
  "frames": 10275,
  "hex": "0x6800abcb341ac849f5ab3cc585bd6c264e39f7f597f49cd5e5b8f422149e6cd9"
}
