---
source: tests/integration_tests.rs
expression: snapshot
input_file: assets/replays/good/9a2cd.replay
---
{
  "frames": 2616,
  "hex": "0xfc8d48de75c3103c9edbc06af3cb821e3a0c26318f66515090bf06ea94dbd766"
}
