---
source: tests/integration_tests.rs
expression: snapshot
input_file: assets/replays/good/551c.replay
---
{
  "frames": 8247,
  "hex": "0x8e20cddc84c2e16a0591b92c0a649dcf710089f2178562488a877e8a42b5d38b"
}
