---
source: tests/integration_tests.rs
expression: snapshot
input_file: assets/replays/good/57a6c.replay
---
{
  "frames": 378,
  "hex": "0x2103efee63cb37f39fa9d4963b3fd13a81d9715a263375e7269b14de6f417d5a"
}
