---
source: tests/integration_tests.rs
expression: snapshot
input_file: assets/replays/good/3381.replay
---
{
  "frames": 13320,
  "hex": "0x09da78bf4810b0ad5afe4890c44e9c0213ce8c2fa4a3c7510f16db297fcf09d2"
}
