---
source: tests/integration_tests.rs
expression: snapshot
input_file: assets/replays/good/140a5.replay
---
{
  "frames": 9082,
  "hex": "0x5ff27033d68fdad648c2b36edbc82d12185f2bcd9456cd4bec3805d3a8c384ce"
}
