---
source: tests/integration_tests.rs
expression: snapshot
input_file: assets/replays/good/b0867.replay
---
{
  "frames": 8599,
  "hex": "0xd179152a6faa1175995e254240e48fbb0b1996ea33a339bcd417711e08bc3745"
}
