---
source: tests/integration_tests.rs
expression: snapshot
input_file: assets/replays/good/ed6ce_heat.replay
---
{
  "frames": 10920,
  "hex": "0xc76ece767a4ae238fc560524342a81207bd26f9046b7c92cf830d096add30d1a"
}
