---
source: tests/integration_tests.rs
expression: snapshot
input_file: assets/replays/good/c4abb.replay
---
{
  "frames": 9093,
  "hex": "0x96bed6ebd6b5de4df27c6d8fd28339ba552c6576951ed86831a8db86b748afe6"
}
