---
source: tests/integration_tests.rs
expression: snapshot
input_file: assets/replays/good/4bc3b.replay
---
{
  "frames": 9536,
  "hex": "0x9579eb8b10be01091385b01fe6c9e6926cb653e6747a8fd338b30344e11732a3"
}
