---
source: tests/integration_tests.rs
expression: snapshot
input_file: assets/replays/good/c0bca.replay
---
{
  "frames": 7290,
  "hex": "0x1d2343fecea653da34d132ef279c5ba9d719a608e9b0cf7900db4a60fe8fc1ba"
}
