---
source: tests/integration_tests.rs
expression: snapshot
input_file: assets/replays/good/d52eb.replay
---
{
  "frames": 17815,
  "hex": "0xcce08c6a9911df3e184464f46c1c44bd500cd07001ddf758b8226518a23455b2"
}
