---
source: tests/integration_tests.rs
expression: snapshot
input_file: assets/replays/good/6cc24.replay
---
{
  "frames": 7319,
  "hex": "0x6680e834c824753996fbc2f2e41512352e07441674faca97247dcbaaff9843e5"
}
