---
source: tests/integration_tests.rs
expression: snapshot
input_file: assets/replays/good/9e35b.replay
---
{
  "frames": 12859,
  "hex": "0x199ec9793821985dbaf9e1e801c8feabf01a2e0a01a6d95624d159a009f3905b"
}
