---
source: tests/integration_tests.rs
expression: snapshot
input_file: assets/replays/good/72ae1.replay
---
{
  "frames": 8545,
  "hex": "0xd8a7064849ad6ce231e1936fad83ef35fe85c499947a9cf31f1225808d0e5f20"
}
