---
source: tests/integration_tests.rs
expression: snapshot
input_file: assets/replays/good/7256.replay
---
{
  "frames": 9634,
  "hex": "0xa82b103e7d8fedf4ad90028ee260e67dbabdf89ca30d5bc9ad3721648e0c83ba"
}
