---
source: tests/integration_tests.rs
expression: snapshot
input_file: assets/replays/good/029d.replay
---
{
  "frames": 13855,
  "hex": "0xe0f9d259de446687abbe0e5563eaee42328a3aa617b47e72bf4a0f9b5fe3c239"
}
