---
source: tests/integration_tests.rs
expression: snapshot
input_file: assets/replays/good/a9df3.replay
---
{
  "frames": 330,
  "hex": "0xae1dbbd2c502062fc1f739e4e11827deb61551610977d20d9891ffb8d17ae11d"
}
